do while loop:
3
2
1
while loop:
0
1
2
3
4
for loop:
1
2
done
